[ar-coder.com/sites/medhealth/home.html]
[backblue.gif]
[fade.gif]
[index.html]
[ar-coder.com/sites/medhealth/assets/fonts/fontawesome/css/all.min.css]
[ar-coder.com/sites/medhealth/assets/fonts/flaticon/css/flaticon.css]
[ar-coder.com/sites/medhealth/assets/css/bootstrap.min.css]
[ar-coder.com/sites/medhealth/assets/css/animate.css]
[ar-coder.com/sites/medhealth/assets/css/lity.min.css]
[ar-coder.com/sites/medhealth/assets/css/owl.carousel.min.css]
[ar-coder.com/sites/medhealth/assets/css/owl.theme.default.css]
[ar-coder.com/sites/medhealth/assets/css/style.css]
[ar-coder.com/sites/medhealth/assets/css/responsive.css]
[ar-coder.com/sites/medhealth/assets/images/logo/01_logo.png]
[ar-coder.com/sites/medhealth/home-style-2.html]
[ar-coder.com/sites/medhealth/about-us.html]
[ar-coder.com/sites/medhealth/about-us-style-2.html]
[ar-coder.com/sites/medhealth/appointment.html]
[ar-coder.com/sites/medhealth/services.html]
[ar-coder.com/sites/medhealth/services-style-2.html]
[ar-coder.com/sites/medhealth/single-services.html]
[ar-coder.com/sites/medhealth/gallery.html]
[ar-coder.com/sites/medhealth/testimonials.html]
[ar-coder.com/sites/medhealth/testimonials-style-2.html]
[ar-coder.com/sites/medhealth/faq.html]
[ar-coder.com/sites/medhealth/404_error.html]
[ar-coder.com/sites/medhealth/doctors.html]
[ar-coder.com/sites/medhealth/blog.html]
[ar-coder.com/sites/medhealth/blog-style-2.html]
[ar-coder.com/sites/medhealth/single-blog.html]
[ar-coder.com/sites/medhealth/contact-us.html]
[ar-coder.com/sites/medhealth/assets/images/header/01_header.jpg]
[ar-coder.com/sites/medhealth/assets/images/header/02_header.jpg]
[ar-coder.com/sites/medhealth/assets/images/header/03_header.jpg]
[ar-coder.com/sites/medhealth/assets/images/about/01_about.jpg]
[ar-coder.com/sites/medhealth/assets/images/about/01_signature.png]
[ar-coder.com/sites/medhealth/assets/images/features/01_signature.png]
[ar-coder.com/sites/medhealth/assets/images/features/01_features.jpg]
[ar-coder.com/sites/medhealth/assets/images/testimonials/02_testimonials.jpg]
[ar-coder.com/sites/medhealth/assets/images/testimonials/03_testimonials.jpg]
[ar-coder.com/sites/medhealth/assets/images/doctors/01_doctors.jpg]
[ar-coder.com/sites/medhealth/assets/images/doctors/02_doctors.jpg]
[ar-coder.com/sites/medhealth/assets/images/doctors/03_doctors.jpg]
[ar-coder.com/sites/medhealth/assets/images/doctors/04_doctors.jpg]
[ar-coder.com/sites/medhealth/assets/images/blog/01_blog.jpg]
[ar-coder.com/sites/medhealth/assets/images/blog/02_blog.jpg]
[ar-coder.com/sites/medhealth/assets/images/sponsors/01_sponsors.png]
[ar-coder.com/sites/medhealth/assets/images/sponsors/02_sponsors.png]
[ar-coder.com/sites/medhealth/assets/images/sponsors/03_sponsors.png]
[ar-coder.com/sites/medhealth/assets/images/sponsors/04_sponsors.png]
[ar-coder.com/sites/medhealth/assets/images/sponsors/05_sponsors.png]
[ar-coder.com/sites/medhealth/assets/images/sponsors/06_sponsors.png]
[ar-coder.com/sites/medhealth/assets/images/sponsors/07_sponsors.png]
[ar-coder.com/sites/medhealth/assets/images/sponsors/08_sponsors.png]
[ar-coder.com/sites/medhealth/assets/images/logo/02_logo.png]
[ar-coder.com/sites/medhealth/assets/images/blog/03_blog.jpg]
[ar-coder.com/sites/medhealth/assets/js/popper.min.js]
[ar-coder.com/sites/medhealth/assets/js/bootstrap.min.js]
[ar-coder.com/sites/medhealth/assets/js/jquery-3.4.1.js]
[ar-coder.com/sites/medhealth/assets/js/wow.min.js]
[ar-coder.com/sites/medhealth/assets/js/owl.carousel.min.js]
[ar-coder.com/sites/medhealth/assets/js/lity.min.js]
[ar-coder.com/sites/medhealth/assets/js/jquery.waypoints.min.js]
[ar-coder.com/sites/medhealth/assets/js/jquery.counterup.min.js]
[ar-coder.com/sites/medhealth/assets/js/main.js]
[ar-coder.com/sites/medhealth/home.html]
[ar-coder.com/sites/medhealth/assets/fonts/fontawesome/webfonts/fa-brands-400.eot]
[ar-coder.com/sites/medhealth/assets/fonts/fontawesome/webfonts/fa-brands-400d41d.eot]
[ar-coder.com/sites/medhealth/assets/fonts/fontawesome/webfonts/fa-brands-400.woff2]
[ar-coder.com/sites/medhealth/assets/fonts/fontawesome/webfonts/fa-brands-400.woff]
[ar-coder.com/sites/medhealth/assets/fonts/fontawesome/webfonts/fa-brands-400.ttf]
[ar-coder.com/sites/medhealth/assets/fonts/fontawesome/webfonts/fa-regular-400.eot]
[ar-coder.com/sites/medhealth/assets/fonts/fontawesome/webfonts/fa-regular-400d41d.eot]
[ar-coder.com/sites/medhealth/assets/fonts/fontawesome/webfonts/fa-regular-400.woff2]
[ar-coder.com/sites/medhealth/assets/fonts/fontawesome/webfonts/fa-brands-400.svg]
[ar-coder.com/sites/medhealth/assets/fonts/fontawesome/webfonts/fa-regular-400.woff]
[ar-coder.com/sites/medhealth/assets/fonts/fontawesome/webfonts/fa-regular-400.ttf]
[ar-coder.com/sites/medhealth/assets/fonts/fontawesome/webfonts/fa-solid-900.eot]
[ar-coder.com/sites/medhealth/assets/fonts/fontawesome/webfonts/fa-regular-400.svg]
[ar-coder.com/sites/medhealth/assets/fonts/fontawesome/webfonts/fa-solid-900d41d.eot]
[ar-coder.com/sites/medhealth/assets/fonts/fontawesome/webfonts/fa-solid-900.woff2]
[ar-coder.com/sites/medhealth/assets/fonts/fontawesome/webfonts/fa-solid-900.woff]
[ar-coder.com/sites/medhealth/assets/fonts/fontawesome/webfonts/fa-solid-900.ttf]
[ar-coder.com/sites/medhealth/assets/fonts/fontawesome/css/all.min.css]
[ar-coder.com/sites/medhealth/assets/fonts/flaticon/fonts/Flaticon.eot]
[ar-coder.com/sites/medhealth/assets/fonts/flaticon/fonts/Flaticond41d.eot]
[ar-coder.com/sites/medhealth/assets/fonts/fontawesome/webfonts/fa-solid-900.svg]
[ar-coder.com/sites/medhealth/assets/fonts/flaticon/fonts/Flaticon.woff2]
[ar-coder.com/sites/medhealth/assets/fonts/flaticon/fonts/Flaticon.woff]
[ar-coder.com/sites/medhealth/assets/fonts/flaticon/fonts/Flaticon.ttf]
[ar-coder.com/sites/medhealth/assets/fonts/flaticon/css/flaticon.css]
[ar-coder.com/sites/medhealth/assets/css/bootstrap.min.css]
[ar-coder.com/sites/medhealth/assets/css/animate.css]
[ar-coder.com/sites/medhealth/assets/css/lity.min.css]
[ar-coder.com/sites/medhealth/assets/css/owl.carousel.min.css]
[ar-coder.com/sites/medhealth/assets/css/owl.theme.default.css]
[ar-coder.com/sites/medhealth/assets/images/header/05_header.jpg]
[ar-coder.com/sites/medhealth/assets/images/testimonials/01_testimonials.jpg]
[ar-coder.com/sites/medhealth/assets/images/newsletters/01_newsletters.jpg]
[ar-coder.com/sites/medhealth/assets/fonts/flaticon/fonts/Flaticon.svg]
[ar-coder.com/sites/medhealth/assets/images/header/04_header.jpg]
[ar-coder.com/sites/medhealth/assets/css/style.css]
[ar-coder.com/sites/medhealth/assets/css/responsive.css]
[ar-coder.com/sites/medhealth/assets/images/about/02_about.jpg]
[ar-coder.com/sites/medhealth/assets/images/testimonials/04_testimonials.jpg]
[ar-coder.com/sites/medhealth/home-style-2.html]
[ar-coder.com/sites/medhealth/about-us.html]
[ar-coder.com/sites/medhealth/about-us-style-2.html]
[ar-coder.com/sites/medhealth/assets/css/simple-calendar.css]
[ar-coder.com/sites/medhealth/assets/js/jquery.simple-calendar.min.js]
[ar-coder.com/sites/medhealth/appointment.html]
[ar-coder.com/sites/medhealth/services.html]
[ar-coder.com/sites/medhealth/services-style-2.html]
[ar-coder.com/sites/medhealth/assets/images/single-services/single-services.jpg]
[ar-coder.com/sites/medhealth/assets/images/gallery/01_gallery.jpg]
[ar-coder.com/sites/medhealth/assets/images/gallery/02_gallery.jpg]
[ar-coder.com/sites/medhealth/assets/images/gallery/03_gallery.jpg]
[ar-coder.com/sites/medhealth/assets/images/gallery/04_gallery.jpg]
[ar-coder.com/sites/medhealth/assets/images/gallery/05_gallery.jpg]
[ar-coder.com/sites/medhealth/assets/images/gallery/06_gallery.jpg]
[ar-coder.com/sites/medhealth/single-services.html]
[ar-coder.com/sites/medhealth/gallery.html]
[ar-coder.com/sites/medhealth/testimonials.html]
[ar-coder.com/sites/medhealth/testimonials-style-2.html]
[ar-coder.com/sites/medhealth/faq.html]
[ar-coder.com/sites/medhealth/404_error.html]
[ar-coder.com/sites/medhealth/doctors.html]
[ar-coder.com/sites/medhealth/blog.html]
[ar-coder.com/sites/medhealth/blog-style-2.html]
[ar-coder.com/sites/medhealth/single-blog.html]
[ar-coder.com/sites/medhealth/contact-us.html]
[ar-coder.com/sites/medhealth/assets/fonts/fontawesome/webfonts/fa-brands-400.svg]
[ar-coder.com/sites/medhealth/assets/fonts/fontawesome/webfonts/fa-regular-400.svg]
[ar-coder.com/sites/medhealth/assets/fonts/fontawesome/webfonts/fa-solid-900.svg]
[ar-coder.com/sites/medhealth/assets/fonts/flaticon/fonts/Flaticon.svg]
[ar-coder.com/sites/medhealth/assets/css/owl.video.play.html]
[ar-coder.com/sites/medhealth/assets/css/simple-calendar.css]
